// Jest Snapshot v1, https://goo.gl/fbAQLP

exports[`Tests in <JournalEntry /> should show correctly 1`] = `
<div
  className="journal__entry pointer animate__animated animate__fadeIn animate__faster"
  onClick={[Function]}
>
  <div
    className="journal__entry-body"
  >
    <p
      className="journal__entry-title"
    >
      Test Note
    </p>
    <p
      className="journal__entry-content"
    >
      This is a test note
    </p>
  </div>
  <div
    className="journal__entry-date-box"
  >
    <span>
      Sunday
    </span>
    <h4>
      9th
    </h4>
  </div>
</div>
`;
